main.c:82:10:findAmount	24	static
main.c:91:6:stop	8	static
main.c:100:6:forward	8	static
main.c:107:6:turnLeft	8	static
main.c:119:6:turnRight	8	static
main.c:130:6:backward	8	static
main.c:138:6:readLeftSensor	8	static
main.c:142:6:readRightSensor	8	static
main.c:146:6:pumpON	8	static
main.c:150:6:pumpOFF	8	static
main.c:154:6:pump	16	static
main.c:162:6:readSensor	8	static
main.c:167:9:karar	24	static
main.c:194:6:resetReadValue	16	static
main.c:200:9:readProximity	8	static
main.c:208:6:ara	8	static
main.c:278:5:main	8	static
main.c:336:6:SystemClock_Config	88	static
main.c:380:13:MX_TIM2_Init	32	static
main.c:425:13:MX_USART1_UART_Init	8	static
main.c:458:13:MX_USART2_UART_Init	8	static
main.c:491:13:MX_USART6_UART_Init	8	static
main.c:524:13:MX_GPIO_Init	48	static
main.c:570:6:Error_Handler	4	static,ignoring_inline_asm
